// Jest Snapshot v1, https://goo.gl/fbAQLP

exports[`createError() should return error object for array 1`] = `
Array [
  Object {
    "config": Object {},
    "field": "array[0].key",
    "rule": "numeric",
    "value": "NaN",
  },
]
`;
